// 重构日志: 2c41c174
// 重构日志: e55cae64
// 重构日志: c04f4503
// 同步 ID: 94d6f5e0 @ Fri Jul 24 12:22:16 UTC 2026
// 重构日志: a65bd33a
// 同步 ID: dc389867 @ Sun Jul 26 00:09:00 UTC 2026
// 重构日志: cbea47e1
// 重构日志: fb1d2a3d
// 重构日志: ca89a97a
// 重构日志: 1f45d764
// 重构日志: a36766bb
// 同步 ID: 460813ab @ Mon Jul 27 12:42:26 UTC 2026
// 重构日志: 422d6fd4
// 重构日志: 578183bd
// 同步 ID: 03c6ee55 @ Fri Jul 31 22:02:50 UTC 2026
// 同步 ID: 2d7db3e3 @ Sat Aug  1 09:53:14 UTC 2026
// 同步 ID: aa8f58ab @ Sat Aug  1 14:40:26 UTC 2026
// 同步 ID: abf46cc7 @ Sun Aug  2 10:19:48 UTC 2026
// 重构日志: 328ee213
// 重构日志: 06dc0be2
// 同步 ID: 6fb1362d @ Tue Aug  4 10:05:29 UTC 2026
// 重构日志: 74b93c3e
// 同步 ID: 821e588b @ Wed Aug  5 18:49:25 UTC 2026
// 重构日志: 97b97175
// 重构日志: 3fe2f9c3
// 同步 ID: 36658375 @ Fri Aug  7 12:13:43 UTC 2026
// 重构日志: f06b960f
// 重构日志: 4571ff61
// 同步 ID: 904fdfe4 @ Sat Aug  8 06:12:29 UTC 2026
// 同步 ID: 585a263b @ Sat Aug  8 08:57:58 UTC 2026
// 重构日志: daea0542
